// Jest Snapshot v1, https://goo.gl/fbAQLP

exports[`StyleGuideFormComponent renders 1`] = `
<tf-style-guide-form>
  <mock:shadow-root>
    <form class="form">
      <h3>
        Edit Style Guide
      </h3>
      <tf-text-input>
        <mock:shadow-root>
          <label class="text-input">
            <span class="text-input__label">
              Name
            </span>
            <input class="text-input__input" type="text">
            <p class="text-input__hint"></p>
          </label>
        </mock:shadow-root>
      </tf-text-input>
      <tf-text-input>
        <mock:shadow-root>
          <label class="text-input">
            <span class="text-input__label">
              Base Font Size (px)
            </span>
            <input class="text-input__input" type="text">
            <p class="text-input__hint"></p>
          </label>
        </mock:shadow-root>
      </tf-text-input>
      <div class="form__controls">
        <tf-button>
          <mock:shadow-root>
            <button class="button danger" type="button">
              <slot></slot>
            </button>
          </mock:shadow-root>
          Delete
        </tf-button>
        <tf-button>
          <mock:shadow-root>
            <button class="button secondary" type="button">
              <slot></slot>
            </button>
          </mock:shadow-root>
          Cancel
        </tf-button>
        <tf-button>
          <mock:shadow-root>
            <button class="button primary" type="submit">
              <slot></slot>
            </button>
          </mock:shadow-root>
          Save
        </tf-button>
      </div>
    </form>
  </mock:shadow-root>
</tf-style-guide-form>
`;
