// Jest Snapshot v1, https://goo.gl/fbAQLP

exports[`AliasTokenFormComponent renders 1`] = `
<tf-alias-token-form>
  <mock:shadow-root>
    <form class="form">
      <h3>
        Select Alias Tokens
      </h3>
      <tf-multi-select-input>
        <mock:shadow-root>
          <label class="multi-select-input">
            <span class="multi-select-input__label"></span>
            <div class="multi-select-input__inputs">
              <div class="multi-select-input__col">
                <h4 class="multi-select-input__list-header">
                  Not Assigned
                </h4>
                <ul class="multi-select-input__scroll">
                  <li class="multi-select-input__item" draggable="true" title="atCardBackground">
                    Card Background
                  </li>
                  <li class="multi-select-input__item" draggable="true" title="atButtonBackground">
                    Button Background
                  </li>
                </ul>
              </div>
              <div class="multi-select-input__col">
                <h4 class="multi-select-input__list-header">
                  Assigned
                </h4>
                <ul class="multi-select-input__scroll"></ul>
              </div>
            </div>
            <p class="multi-select-input__hint"></p>
          </label>
        </mock:shadow-root>
      </tf-multi-select-input>
      <div class="form__controls">
        <tf-button>
          <mock:shadow-root>
            <button class="button secondary" type="button">
              <slot></slot>
            </button>
          </mock:shadow-root>
          Cancel
        </tf-button>
        <tf-button>
          <mock:shadow-root>
            <button class="button primary" type="submit">
              <slot></slot>
            </button>
          </mock:shadow-root>
          Save
        </tf-button>
      </div>
    </form>
  </mock:shadow-root>
</tf-alias-token-form>
`;
