// Jest Snapshot v1, https://goo.gl/fbAQLP

exports[`StyleGuidesComponent renders 1`] = `
<tf-style-guides>
  <mock:shadow-root>
    <stencil-route-title pagetitle="Themeful - Style Guides"></stencil-route-title>
    <tf-navigation size="small"></tf-navigation>
    <div class="style-guide__wrapper"></div>
    <tf-form-integration></tf-form-integration>
  </mock:shadow-root>
</tf-style-guides>
`;

exports[`StyleGuidesComponent renders with values 1`] = `
<tf-style-guides>
  <mock:shadow-root>
    <stencil-route-title pagetitle="Themeful - Style Guides"></stencil-route-title>
    <tf-navigation size="small"></tf-navigation>
    <div class="style-guide__wrapper"></div>
    <tf-form-integration></tf-form-integration>
  </mock:shadow-root>
</tf-style-guides>
`;
