// Jest Snapshot v1, https://goo.gl/fbAQLP

exports[`ThemefulMicrofrontend renders 1`] = `
<themeful-microfrontend>
  <mock:shadow-root>
    <header>
      <a href="/themes">
        <img class="logo" src="/assets/themeful.svg">
      </a>
      <div class="navigation">
        <h1>
          Themeful
        </h1>
        <nav class="button-group nav-row">
          <a href="/themes">
            <tf-button kind="selectable">
              Themes
            </tf-button>
          </a>
          <a href="/styleguides">
            <tf-button kind="selectable">
              Style Guides
            </tf-button>
          </a>
          <a href="/components">
            <tf-button kind="selectable">
              Components
            </tf-button>
          </a>
          <tf-button class="mode-toggle" kind="selectable">
            Light Mode
          </tf-button>
        </nav>
      </div>
      <tf-toast></tf-toast>
    </header>
    <main>
      <tf-themes></tf-themes>
    </main>
  </mock:shadow-root>
</themeful-microfrontend>
`;

exports[`ThemefulMicrofrontend renders with values 1`] = `
<themeful-microfrontend>
  <mock:shadow-root>
    <header>
      <a href="/themes">
        <img class="logo" src="/assets/themeful.svg">
      </a>
      <div class="navigation">
        <h1>
          Themeful
        </h1>
        <nav class="button-group nav-row">
          <a href="/themes">
            <tf-button kind="selectable">
              Themes
            </tf-button>
          </a>
          <a href="/styleguides">
            <tf-button kind="selectable">
              Style Guides
            </tf-button>
          </a>
          <a href="/components">
            <tf-button kind="selectable">
              Components
            </tf-button>
          </a>
          <tf-button class="mode-toggle" kind="selectable">
            Light Mode
          </tf-button>
        </nav>
      </div>
      <tf-toast></tf-toast>
    </header>
    <main>
      <tf-themes></tf-themes>
    </main>
  </mock:shadow-root>
</themeful-microfrontend>
`;
