// Jest Snapshot v1, https://goo.gl/fbAQLP

exports[`ComponentListComponent renders 1`] = `
<tf-component-list>
  <mock:shadow-root>
    <stencil-route-title pagetitle="Themeful - Components"></stencil-route-title>
    <tf-navigation size="small"></tf-navigation>
    <div class="component-list__wrapper">
      <table></table>
    </div>
    <tf-form-integration></tf-form-integration>
  </mock:shadow-root>
</tf-component-list>
`;

exports[`ComponentListComponent renders with values 1`] = `
<tf-component-list>
  <mock:shadow-root>
    <stencil-route-title pagetitle="Themeful - Components"></stencil-route-title>
    <tf-navigation size="small"></tf-navigation>
    <div class="component-list__wrapper">
      <table></table>
    </div>
    <tf-form-integration></tf-form-integration>
  </mock:shadow-root>
</tf-component-list>
`;
